===== ANALYST longcat 2026-09-03 15:49:44 UTC =====
[91m[1mError: [0m{
  "name": "UnknownError",
  "data": {
    "message": "Unexpected server error. Check server logs for details.",
    "ref": "err_5084da43"
  }
}
===== ANALYST longcat 2026-09-03 19:11:58 UTC =====
[91m[1mError: [0m{
  "name": "UnknownError",
  "data": {
    "message": "Unexpected server error. Check server logs for details.",
    "ref": "err_02289e27"
  }
}
===== ANALYST longcat 2026-09-03 21:38:24 UTC =====
[91m[1mError: [0m{
  "name": "UnknownError",
  "data": {
    "message": "Unexpected server error. Check server logs for details.",
    "ref": "err_e824154a"
  }
}
===== ANALYST longcat 2026-09-03 23:35:33 UTC =====
[91m[1mError: [0m{
  "name": "UnknownError",
  "data": {
    "message": "Unexpected server error. Check server logs for details.",
    "ref": "err_4061e43c"
  }
}
===== ANALYST longcat 2026-09-04 01:25:05 UTC =====
[91m[1mError: [0m{
  "name": "UnknownError",
  "data": {
    "message": "Unexpected server error. Check server logs for details.",
    "ref": "err_31a1b339"
  }
}
===== ANALYST longcat 2026-09-04 06:05:04 UTC =====
[91m[1mError: [0m{
  "name": "UnknownError",
  "data": {
    "message": "Unexpected server error. Check server logs for details.",
    "ref": "err_ce3c3866"
  }
}
===== ANALYST longcat 2026-09-04 11:31:13 UTC =====
[91m[1mError: [0m{
  "name": "UnknownError",
  "data": {
    "message": "Unexpected server error. Check server logs for details.",
    "ref": "err_8fe7f0c9"
  }
}
===== ANALYST longcat 2026-09-04 15:22:38 UTC =====
[91m[1mError: [0m{
  "name": "UnknownError",
  "data": {
    "message": "Unexpected server error. Check server logs for details.",
    "ref": "err_ba7f3c0d"
  }
}
===== ANALYST longcat 2026-09-04 18:34:20 UTC =====
[91m[1mError: [0m{
  "name": "UnknownError",
  "data": {
    "message": "Unexpected server error. Check server logs for details.",
    "ref": "err_da0eabf2"
  }
}
===== ANALYST longcat 2026-09-04 21:05:40 UTC =====
[91m[1mError: [0m{
  "name": "UnknownError",
  "data": {
    "message": "Unexpected server error. Check server logs for details.",
    "ref": "err_3beebe23"
  }
}
===== ANALYST longcat 2026-09-04 23:06:55 UTC =====
[91m[1mError: [0m{
  "name": "UnknownError",
  "data": {
    "message": "Unexpected server error. Check server logs for details.",
    "ref": "err_befabe2c"
  }
}
===== ANALYST longcat 2026-09-05 01:04:07 UTC =====
[91m[1mError: [0m{
  "name": "UnknownError",
  "data": {
    "message": "Unexpected server error. Check server logs for details.",
    "ref": "err_36a58b20"
  }
}
===== ANALYST longcat 2026-09-05 06:00:39 UTC =====
[91m[1mError: [0m{
  "name": "UnknownError",
  "data": {
    "message": "Unexpected server error. Check server logs for details.",
    "ref": "err_5ee4a1c6"
  }
}
===== ANALYST longcat 2026-09-05 09:51:38 UTC =====
[91m[1mError: [0m{
  "name": "UnknownError",
  "data": {
    "message": "Unexpected server error. Check server logs for details.",
    "ref": "err_be181a78"
  }
}
===== ANALYST longcat 2026-09-05 13:23:35 UTC =====
[91m[1mError: [0m{
  "name": "UnknownError",
  "data": {
    "message": "Unexpected server error. Check server logs for details.",
    "ref": "err_3ecf1a69"
  }
}
===== ANALYST longcat 2026-09-05 16:26:50 UTC =====
[91m[1mError: [0m{
  "name": "UnknownError",
  "data": {
    "message": "Unexpected server error. Check server logs for details.",
    "ref": "err_8adae81e"
  }
}
===== ANALYST longcat 2026-09-05 18:23:35 UTC =====
[91m[1mError: [0m{
  "name": "UnknownError",
  "data": {
    "message": "Unexpected server error. Check server logs for details.",
    "ref": "err_d8d71871"
  }
}
===== ANALYST longcat 2026-09-05 20:49:06 UTC =====
[91m[1mError: [0m{
  "name": "UnknownError",
  "data": {
    "message": "Unexpected server error. Check server logs for details.",
    "ref": "err_f0cbb094"
  }
}
===== ANALYST longcat 2026-09-05 22:40:03 UTC =====
[91m[1mError: [0m{
  "name": "UnknownError",
  "data": {
    "message": "Unexpected server error. Check server logs for details.",
    "ref": "err_7aae7dd7"
  }
}
===== ANALYST longcat 2026-09-06 00:16:53 UTC =====
[91m[1mError: [0m{
  "name": "UnknownError",
  "data": {
    "message": "Unexpected server error. Check server logs for details.",
    "ref": "err_8b41c6b2"
  }
}
===== ANALYST longcat 2026-09-06 04:47:48 UTC =====
[91m[1mError: [0m{
  "name": "UnknownError",
  "data": {
    "message": "Unexpected server error. Check server logs for details.",
    "ref": "err_133c0810"
  }
}
===== ANALYST longcat 2026-09-06 09:11:25 UTC =====
[91m[1mError: [0m{
  "name": "UnknownError",
  "data": {
    "message": "Unexpected server error. Check server logs for details.",
    "ref": "err_87eff651"
  }
}
===== ANALYST longcat 2026-09-06 13:14:28 UTC =====
[91m[1mError: [0m{
  "name": "UnknownError",
  "data": {
    "message": "Unexpected server error. Check server logs for details.",
    "ref": "err_8c13ba3c"
  }
}
===== ANALYST longcat 2026-09-06 16:14:51 UTC =====
[91m[1mError: [0m{
  "name": "UnknownError",
  "data": {
    "message": "Unexpected server error. Check server logs for details.",
    "ref": "err_6ed2507b"
  }
}
===== ANALYST longcat 2026-09-06 18:04:29 UTC =====
[91m[1mError: [0m{
  "name": "UnknownError",
  "data": {
    "message": "Unexpected server error. Check server logs for details.",
    "ref": "err_1dc3c9b9"
  }
}
===== ANALYST longcat 2026-09-06 20:22:43 UTC =====
[91m[1mError: [0m{
  "name": "UnknownError",
  "data": {
    "message": "Unexpected server error. Check server logs for details.",
    "ref": "err_10335b4c"
  }
}
===== ANALYST longcat 2026-09-06 22:16:10 UTC =====
[91m[1mError: [0m{
  "name": "UnknownError",
  "data": {
    "message": "Unexpected server error. Check server logs for details.",
    "ref": "err_f47705b3"
  }
}
===== ANALYST longcat 2026-09-06 23:58:57 UTC =====
[91m[1mError: [0m{
  "name": "UnknownError",
  "data": {
    "message": "Unexpected server error. Check server logs for details.",
    "ref": "err_e8fd0621"
  }
}
===== ANALYST longcat 2026-09-07 03:35:13 UTC =====
[91m[1mError: [0m{
  "name": "UnknownError",
  "data": {
    "message": "Unexpected server error. Check server logs for details.",
    "ref": "err_29d6a69b"
  }
}
===== ANALYST longcat 2026-09-07 08:45:26 UTC =====
[91m[1mError: [0m{
  "name": "UnknownError",
  "data": {
    "message": "Unexpected server error. Check server logs for details.",
    "ref": "err_7baffdc0"
  }
}
===== ANALYST longcat 2026-09-07 14:41:34 UTC =====
[91m[1mError: [0m{
  "name": "UnknownError",
  "data": {
    "message": "Unexpected server error. Check server logs for details.",
    "ref": "err_9ed6db6a"
  }
}
===== ANALYST longcat 2026-09-07 19:11:00 UTC =====
[91m[1mError: [0m{
  "name": "UnknownError",
  "data": {
    "message": "Unexpected server error. Check server logs for details.",
    "ref": "err_fb33bdd5"
  }
}
===== ANALYST longcat 2026-09-07 21:54:09 UTC =====
[91m[1mError: [0m{
  "name": "UnknownError",
  "data": {
    "message": "Unexpected server error. Check server logs for details.",
    "ref": "err_9bf7a7c6"
  }
}
===== ANALYST longcat 2026-09-08 00:01:38 UTC =====
[91m[1mError: [0m{
  "name": "UnknownError",
  "data": {
    "message": "Unexpected server error. Check server logs for details.",
    "ref": "err_025694ae"
  }
}
===== ANALYST longcat 2026-09-08 02:43:30 UTC =====
[91m[1mError: [0m{
  "name": "UnknownError",
  "data": {
    "message": "Unexpected server error. Check server logs for details.",
    "ref": "err_e8277811"
  }
}
===== ANALYST longcat 2026-09-08 07:28:17 UTC =====
[91m[1mError: [0m{
  "name": "UnknownError",
  "data": {
    "message": "Unexpected server error. Check server logs for details.",
    "ref": "err_7008db30"
  }
}
===== ANALYST longcat 2026-09-08 12:24:28 UTC =====
[91m[1mError: [0m{
  "name": "UnknownError",
  "data": {
    "message": "Unexpected server error. Check server logs for details.",
    "ref": "err_038b6528"
  }
}
===== ANALYST longcat 2026-09-08 17:03:07 UTC =====
[91m[1mError: [0m{
  "name": "UnknownError",
  "data": {
    "message": "Unexpected server error. Check server logs for details.",
    "ref": "err_1387a269"
  }
}
===== ANALYST longcat 2026-09-08 19:46:31 UTC =====
[91m[1mError: [0m{
  "name": "UnknownError",
  "data": {
    "message": "Unexpected server error. Check server logs for details.",
    "ref": "err_fce3c2e1"
  }
}
===== ANALYST longcat 2026-09-08 22:21:50 UTC =====
[91m[1mError: [0m{
  "name": "UnknownError",
  "data": {
    "message": "Unexpected server error. Check server logs for details.",
    "ref": "err_90fb5456"
  }
}
===== ANALYST longcat 2026-09-09 00:27:33 UTC =====
[91m[1mError: [0m{
  "name": "UnknownError",
  "data": {
    "message": "Unexpected server error. Check server logs for details.",
    "ref": "err_244e4d7d"
  }
}
===== ANALYST longcat 2026-09-09 05:13:38 UTC =====
[91m[1mError: [0m{
  "name": "UnknownError",
  "data": {
    "message": "Unexpected server error. Check server logs for details.",
    "ref": "err_277ef135"
  }
}
===== ANALYST longcat 2026-09-09 09:54:19 UTC =====
[91m[1mError: [0m{
  "name": "UnknownError",
  "data": {
    "message": "Unexpected server error. Check server logs for details.",
    "ref": "err_2b5d8558"
  }
}
===== ANALYST longcat 2026-09-09 14:26:17 UTC =====
[91m[1mError: [0m{
  "name": "UnknownError",
  "data": {
    "message": "Unexpected server error. Check server logs for details.",
    "ref": "err_64e6557f"
  }
}
===== ANALYST longcat 2026-09-09 17:54:29 UTC =====
[91m[1mError: [0m{
  "name": "UnknownError",
  "data": {
    "message": "Unexpected server error. Check server logs for details.",
    "ref": "err_66e8bf10"
  }
}
===== ANALYST longcat 2026-09-09 20:20:38 UTC =====
[91m[1mError: [0m{
  "name": "UnknownError",
  "data": {
    "message": "Unexpected server error. Check server logs for details.",
    "ref": "err_9d2267a3"
  }
}
===== ANALYST longcat 2026-09-09 22:39:32 UTC =====
[91m[1mError: [0m{
  "name": "UnknownError",
  "data": {
    "message": "Unexpected server error. Check server logs for details.",
    "ref": "err_26bfaa26"
  }
}
===== ANALYST longcat 2026-09-10 00:38:47 UTC =====
[91m[1mError: [0m{
  "name": "UnknownError",
  "data": {
    "message": "Unexpected server error. Check server logs for details.",
    "ref": "err_5ec15718"
  }
}
===== ANALYST longcat 2026-09-10 05:15:51 UTC =====
[91m[1mError: [0m{
  "name": "UnknownError",
  "data": {
    "message": "Unexpected server error. Check server logs for details.",
    "ref": "err_786ef862"
  }
}
===== ANALYST longcat 2026-09-10 09:56:09 UTC =====
[91m[1mError: [0m{
  "name": "UnknownError",
  "data": {
    "message": "Unexpected server error. Check server logs for details.",
    "ref": "err_49bcbae6"
  }
}
===== ANALYST longcat 2026-09-10 14:06:10 UTC =====
[91m[1mError: [0m{
  "name": "UnknownError",
  "data": {
    "message": "Unexpected server error. Check server logs for details.",
    "ref": "err_130c5d36"
  }
}
===== ANALYST longcat 2026-09-10 17:46:17 UTC =====
[91m[1mError: [0m{
  "name": "UnknownError",
  "data": {
    "message": "Unexpected server error. Check server logs for details.",
    "ref": "err_0ca90c75"
  }
}
===== ANALYST longcat 2026-09-10 20:29:25 UTC =====
[91m[1mError: [0m{
  "name": "UnknownError",
  "data": {
    "message": "Unexpected server error. Check server logs for details.",
    "ref": "err_0799961f"
  }
}
===== ANALYST longcat 2026-09-10 22:53:57 UTC =====
[91m[1mError: [0m{
  "name": "UnknownError",
  "data": {
    "message": "Unexpected server error. Check server logs for details.",
    "ref": "err_ecab69f0"
  }
}
===== ANALYST longcat 2026-09-11 00:52:04 UTC =====
[91m[1mError: [0m{
  "name": "UnknownError",
  "data": {
    "message": "Unexpected server error. Check server logs for details.",
    "ref": "err_4ddf87a9"
  }
}
===== ANALYST longcat 2026-09-11 05:48:43 UTC =====
[91m[1mError: [0m{
  "name": "UnknownError",
  "data": {
    "message": "Unexpected server error. Check server logs for details.",
    "ref": "err_b85331b1"
  }
}
===== ANALYST longcat 2026-09-11 10:07:25 UTC =====
[91m[1mError: [0m{
  "name": "UnknownError",
  "data": {
    "message": "Unexpected server error. Check server logs for details.",
    "ref": "err_e9ad040c"
  }
}
===== ANALYST longcat 2026-09-11 14:13:04 UTC =====
[91m[1mError: [0m{
  "name": "UnknownError",
  "data": {
    "message": "Unexpected server error. Check server logs for details.",
    "ref": "err_af2dcbbd"
  }
}
===== ANALYST longcat 2026-09-11 17:49:39 UTC =====
[91m[1mError: [0m{
  "name": "UnknownError",
  "data": {
    "message": "Unexpected server error. Check server logs for details.",
    "ref": "err_43867f05"
  }
}
===== ANALYST longcat 2026-09-11 20:40:36 UTC =====
[91m[1mError: [0m{
  "name": "UnknownError",
  "data": {
    "message": "Unexpected server error. Check server logs for details.",
    "ref": "err_670623ef"
  }
}
===== ANALYST longcat 2026-09-11 22:51:22 UTC =====
[91m[1mError: [0m{
  "name": "UnknownError",
  "data": {
    "message": "Unexpected server error. Check server logs for details.",
    "ref": "err_857c944f"
  }
}
===== ANALYST longcat 2026-09-12 00:52:20 UTC =====
[91m[1mError: [0m{
  "name": "UnknownError",
  "data": {
    "message": "Unexpected server error. Check server logs for details.",
    "ref": "err_8fef3b55"
  }
}
===== ANALYST longcat 2026-09-12 05:20:59 UTC =====
[91m[1mError: [0m{
  "name": "UnknownError",
  "data": {
    "message": "Unexpected server error. Check server logs for details.",
    "ref": "err_e0c3ec35"
  }
}
===== ANALYST longcat 2026-09-12 09:30:28 UTC =====
[91m[1mError: [0m{
  "name": "UnknownError",
  "data": {
    "message": "Unexpected server error. Check server logs for details.",
    "ref": "err_4bd9b9cf"
  }
}
