===== ANALYST laguna 2026-09-03 15:49:44 UTC =====
[91m[1mError: [0m{
  "name": "UnknownError",
  "data": {
    "message": "Unexpected server error. Check server logs for details.",
    "ref": "err_c4b1c440"
  }
}
===== ANALYST laguna 2026-09-03 19:11:58 UTC =====
[91m[1mError: [0m{
  "name": "UnknownError",
  "data": {
    "message": "Unexpected server error. Check server logs for details.",
    "ref": "err_57efb49f"
  }
}
===== ANALYST laguna 2026-09-03 21:38:24 UTC =====
[91m[1mError: [0m{
  "name": "UnknownError",
  "data": {
    "message": "Unexpected server error. Check server logs for details.",
    "ref": "err_6bb90a8e"
  }
}
===== ANALYST laguna 2026-09-03 23:35:33 UTC =====
[91m[1mError: [0m{
  "name": "UnknownError",
  "data": {
    "message": "Unexpected server error. Check server logs for details.",
    "ref": "err_412971d2"
  }
}
===== ANALYST laguna 2026-09-04 01:25:05 UTC =====
[91m[1mError: [0m{
  "name": "UnknownError",
  "data": {
    "message": "Unexpected server error. Check server logs for details.",
    "ref": "err_422a2704"
  }
}
===== ANALYST laguna 2026-09-04 06:05:04 UTC =====
[91m[1mError: [0m{
  "name": "UnknownError",
  "data": {
    "message": "Unexpected server error. Check server logs for details.",
    "ref": "err_4c0ff03b"
  }
}
===== ANALYST laguna 2026-09-04 11:31:13 UTC =====
[91m[1mError: [0m{
  "name": "UnknownError",
  "data": {
    "message": "Unexpected server error. Check server logs for details.",
    "ref": "err_4c087048"
  }
}
===== ANALYST laguna 2026-09-04 15:22:38 UTC =====
[91m[1mError: [0m{
  "name": "UnknownError",
  "data": {
    "message": "Unexpected server error. Check server logs for details.",
    "ref": "err_7c7d0667"
  }
}
===== ANALYST laguna 2026-09-04 18:34:20 UTC =====
[91m[1mError: [0m{
  "name": "UnknownError",
  "data": {
    "message": "Unexpected server error. Check server logs for details.",
    "ref": "err_cdfb8a0e"
  }
}
===== ANALYST laguna 2026-09-04 21:05:40 UTC =====
[91m[1mError: [0m{
  "name": "UnknownError",
  "data": {
    "message": "Unexpected server error. Check server logs for details.",
    "ref": "err_88844e28"
  }
}
===== ANALYST laguna 2026-09-04 23:06:55 UTC =====
[91m[1mError: [0m{
  "name": "UnknownError",
  "data": {
    "message": "Unexpected server error. Check server logs for details.",
    "ref": "err_eb630ab7"
  }
}
===== ANALYST laguna 2026-09-05 01:04:07 UTC =====
[91m[1mError: [0m{
  "name": "UnknownError",
  "data": {
    "message": "Unexpected server error. Check server logs for details.",
    "ref": "err_0468d5fd"
  }
}
===== ANALYST laguna 2026-09-05 06:00:39 UTC =====
[91m[1mError: [0m{
  "name": "UnknownError",
  "data": {
    "message": "Unexpected server error. Check server logs for details.",
    "ref": "err_0433bf67"
  }
}
===== ANALYST laguna 2026-09-05 09:51:38 UTC =====
[91m[1mError: [0m{
  "name": "UnknownError",
  "data": {
    "message": "Unexpected server error. Check server logs for details.",
    "ref": "err_7d9a20e3"
  }
}
===== ANALYST laguna 2026-09-05 13:23:35 UTC =====
[91m[1mError: [0m{
  "name": "UnknownError",
  "data": {
    "message": "Unexpected server error. Check server logs for details.",
    "ref": "err_20ed9441"
  }
}
===== ANALYST laguna 2026-09-05 16:26:50 UTC =====
[91m[1mError: [0m{
  "name": "UnknownError",
  "data": {
    "message": "Unexpected server error. Check server logs for details.",
    "ref": "err_5f991cb3"
  }
}
===== ANALYST laguna 2026-09-05 18:23:35 UTC =====
[91m[1mError: [0m{
  "name": "UnknownError",
  "data": {
    "message": "Unexpected server error. Check server logs for details.",
    "ref": "err_f972bb59"
  }
}
===== ANALYST laguna 2026-09-05 20:49:06 UTC =====
[91m[1mError: [0m{
  "name": "UnknownError",
  "data": {
    "message": "Unexpected server error. Check server logs for details.",
    "ref": "err_0b28cc49"
  }
}
===== ANALYST laguna 2026-09-05 22:40:03 UTC =====
[91m[1mError: [0m{
  "name": "UnknownError",
  "data": {
    "message": "Unexpected server error. Check server logs for details.",
    "ref": "err_503db264"
  }
}
===== ANALYST laguna 2026-09-06 00:16:53 UTC =====
[91m[1mError: [0m{
  "name": "UnknownError",
  "data": {
    "message": "Unexpected server error. Check server logs for details.",
    "ref": "err_fcfbe987"
  }
}
===== ANALYST laguna 2026-09-06 04:47:48 UTC =====
[91m[1mError: [0m{
  "name": "UnknownError",
  "data": {
    "message": "Unexpected server error. Check server logs for details.",
    "ref": "err_8e35b46e"
  }
}
===== ANALYST laguna 2026-09-06 09:11:25 UTC =====
[91m[1mError: [0m{
  "name": "UnknownError",
  "data": {
    "message": "Unexpected server error. Check server logs for details.",
    "ref": "err_374683b3"
  }
}
===== ANALYST laguna 2026-09-06 13:14:28 UTC =====
[91m[1mError: [0m{
  "name": "UnknownError",
  "data": {
    "message": "Unexpected server error. Check server logs for details.",
    "ref": "err_2390221f"
  }
}
===== ANALYST laguna 2026-09-06 16:14:51 UTC =====
[91m[1mError: [0m{
  "name": "UnknownError",
  "data": {
    "message": "Unexpected server error. Check server logs for details.",
    "ref": "err_a22aa10f"
  }
}
===== ANALYST laguna 2026-09-06 18:04:29 UTC =====
[91m[1mError: [0m{
  "name": "UnknownError",
  "data": {
    "message": "Unexpected server error. Check server logs for details.",
    "ref": "err_d95b7a81"
  }
}
===== ANALYST laguna 2026-09-06 20:22:43 UTC =====
[91m[1mError: [0m{
  "name": "UnknownError",
  "data": {
    "message": "Unexpected server error. Check server logs for details.",
    "ref": "err_da29424d"
  }
}
===== ANALYST laguna 2026-09-06 22:16:10 UTC =====
[91m[1mError: [0m{
  "name": "UnknownError",
  "data": {
    "message": "Unexpected server error. Check server logs for details.",
    "ref": "err_b163d231"
  }
}
===== ANALYST laguna 2026-09-06 23:58:57 UTC =====
[91m[1mError: [0m{
  "name": "UnknownError",
  "data": {
    "message": "Unexpected server error. Check server logs for details.",
    "ref": "err_99423014"
  }
}
===== ANALYST laguna 2026-09-07 03:35:13 UTC =====
[91m[1mError: [0m{
  "name": "UnknownError",
  "data": {
    "message": "Unexpected server error. Check server logs for details.",
    "ref": "err_9f31682f"
  }
}
===== ANALYST laguna 2026-09-07 08:45:26 UTC =====
[91m[1mError: [0m{
  "name": "UnknownError",
  "data": {
    "message": "Unexpected server error. Check server logs for details.",
    "ref": "err_9c32caa2"
  }
}
===== ANALYST laguna 2026-09-07 14:41:34 UTC =====
[91m[1mError: [0m{
  "name": "UnknownError",
  "data": {
    "message": "Unexpected server error. Check server logs for details.",
    "ref": "err_815f1987"
  }
}
===== ANALYST laguna 2026-09-07 19:11:00 UTC =====
[91m[1mError: [0m{
  "name": "UnknownError",
  "data": {
    "message": "Unexpected server error. Check server logs for details.",
    "ref": "err_2416edaf"
  }
}
===== ANALYST laguna 2026-09-07 21:54:09 UTC =====
[91m[1mError: [0m{
  "name": "UnknownError",
  "data": {
    "message": "Unexpected server error. Check server logs for details.",
    "ref": "err_eb933aaa"
  }
}
===== ANALYST laguna 2026-09-08 00:01:38 UTC =====
[91m[1mError: [0m{
  "name": "UnknownError",
  "data": {
    "message": "Unexpected server error. Check server logs for details.",
    "ref": "err_223f7aa5"
  }
}
===== ANALYST laguna 2026-09-08 02:43:30 UTC =====
[91m[1mError: [0m{
  "name": "UnknownError",
  "data": {
    "message": "Unexpected server error. Check server logs for details.",
    "ref": "err_ebddfc22"
  }
}
===== ANALYST laguna 2026-09-08 07:28:17 UTC =====
[91m[1mError: [0m{
  "name": "UnknownError",
  "data": {
    "message": "Unexpected server error. Check server logs for details.",
    "ref": "err_c532f19d"
  }
}
===== ANALYST laguna 2026-09-08 12:24:28 UTC =====
[91m[1mError: [0m{
  "name": "UnknownError",
  "data": {
    "message": "Unexpected server error. Check server logs for details.",
    "ref": "err_f0af8b18"
  }
}
===== ANALYST laguna 2026-09-08 17:03:07 UTC =====
[91m[1mError: [0m{
  "name": "UnknownError",
  "data": {
    "message": "Unexpected server error. Check server logs for details.",
    "ref": "err_35f0535c"
  }
}
===== ANALYST laguna 2026-09-08 19:46:31 UTC =====
[91m[1mError: [0m{
  "name": "UnknownError",
  "data": {
    "message": "Unexpected server error. Check server logs for details.",
    "ref": "err_d130be95"
  }
}
===== ANALYST laguna 2026-09-08 22:21:50 UTC =====
[91m[1mError: [0m{
  "name": "UnknownError",
  "data": {
    "message": "Unexpected server error. Check server logs for details.",
    "ref": "err_0854b73f"
  }
}
===== ANALYST laguna 2026-09-09 00:27:33 UTC =====
[91m[1mError: [0m{
  "name": "UnknownError",
  "data": {
    "message": "Unexpected server error. Check server logs for details.",
    "ref": "err_6ffbd2cf"
  }
}
===== ANALYST laguna 2026-09-09 05:13:38 UTC =====
[91m[1mError: [0m{
  "name": "UnknownError",
  "data": {
    "message": "Unexpected server error. Check server logs for details.",
    "ref": "err_cb813c0a"
  }
}
===== ANALYST laguna 2026-09-09 09:54:19 UTC =====
[91m[1mError: [0m{
  "name": "UnknownError",
  "data": {
    "message": "Unexpected server error. Check server logs for details.",
    "ref": "err_da09e7a6"
  }
}
===== ANALYST laguna 2026-09-09 14:26:17 UTC =====
[91m[1mError: [0m{
  "name": "UnknownError",
  "data": {
    "message": "Unexpected server error. Check server logs for details.",
    "ref": "err_4fbbb2c6"
  }
}
===== ANALYST laguna 2026-09-09 17:54:29 UTC =====
[91m[1mError: [0m{
  "name": "UnknownError",
  "data": {
    "message": "Unexpected server error. Check server logs for details.",
    "ref": "err_8c7fbc41"
  }
}
===== ANALYST laguna 2026-09-09 20:20:38 UTC =====
[91m[1mError: [0m{
  "name": "UnknownError",
  "data": {
    "message": "Unexpected server error. Check server logs for details.",
    "ref": "err_159c9439"
  }
}
===== ANALYST laguna 2026-09-09 22:39:32 UTC =====
[91m[1mError: [0m{
  "name": "UnknownError",
  "data": {
    "message": "Unexpected server error. Check server logs for details.",
    "ref": "err_88e6df0d"
  }
}
===== ANALYST laguna 2026-09-10 00:38:47 UTC =====
[91m[1mError: [0m{
  "name": "UnknownError",
  "data": {
    "message": "Unexpected server error. Check server logs for details.",
    "ref": "err_70736d4c"
  }
}
===== ANALYST laguna 2026-09-10 05:15:51 UTC =====
[91m[1mError: [0m{
  "name": "UnknownError",
  "data": {
    "message": "Unexpected server error. Check server logs for details.",
    "ref": "err_1233c077"
  }
}
===== ANALYST laguna 2026-09-10 09:56:09 UTC =====
[91m[1mError: [0m{
  "name": "UnknownError",
  "data": {
    "message": "Unexpected server error. Check server logs for details.",
    "ref": "err_d3a6d148"
  }
}
===== ANALYST laguna 2026-09-10 14:06:10 UTC =====
[91m[1mError: [0m{
  "name": "UnknownError",
  "data": {
    "message": "Unexpected server error. Check server logs for details.",
    "ref": "err_aa8964cd"
  }
}
===== ANALYST laguna 2026-09-10 17:46:17 UTC =====
[91m[1mError: [0m{
  "name": "UnknownError",
  "data": {
    "message": "Unexpected server error. Check server logs for details.",
    "ref": "err_a1c9bb82"
  }
}
===== ANALYST laguna 2026-09-10 20:29:25 UTC =====
[91m[1mError: [0m{
  "name": "UnknownError",
  "data": {
    "message": "Unexpected server error. Check server logs for details.",
    "ref": "err_8dd6a5a3"
  }
}
===== ANALYST laguna 2026-09-10 22:53:57 UTC =====
[91m[1mError: [0m{
  "name": "UnknownError",
  "data": {
    "message": "Unexpected server error. Check server logs for details.",
    "ref": "err_205fc5b1"
  }
}
===== ANALYST laguna 2026-09-11 00:52:04 UTC =====
[91m[1mError: [0m{
  "name": "UnknownError",
  "data": {
    "message": "Unexpected server error. Check server logs for details.",
    "ref": "err_6b0bc477"
  }
}
===== ANALYST laguna 2026-09-11 05:48:43 UTC =====
[91m[1mError: [0m{
  "name": "UnknownError",
  "data": {
    "message": "Unexpected server error. Check server logs for details.",
    "ref": "err_a22dcc84"
  }
}
===== ANALYST laguna 2026-09-11 10:07:25 UTC =====
[91m[1mError: [0m{
  "name": "UnknownError",
  "data": {
    "message": "Unexpected server error. Check server logs for details.",
    "ref": "err_55979f88"
  }
}
===== ANALYST laguna 2026-09-11 14:13:04 UTC =====
[91m[1mError: [0m{
  "name": "UnknownError",
  "data": {
    "message": "Unexpected server error. Check server logs for details.",
    "ref": "err_b95ac05f"
  }
}
===== ANALYST laguna 2026-09-11 17:49:39 UTC =====
[91m[1mError: [0m{
  "name": "UnknownError",
  "data": {
    "message": "Unexpected server error. Check server logs for details.",
    "ref": "err_38ae7cd0"
  }
}
===== ANALYST laguna 2026-09-11 20:40:36 UTC =====
[91m[1mError: [0m{
  "name": "UnknownError",
  "data": {
    "message": "Unexpected server error. Check server logs for details.",
    "ref": "err_776762a1"
  }
}
===== ANALYST laguna 2026-09-11 22:51:22 UTC =====
[91m[1mError: [0m{
  "name": "UnknownError",
  "data": {
    "message": "Unexpected server error. Check server logs for details.",
    "ref": "err_0f2680d2"
  }
}
===== ANALYST laguna 2026-09-12 00:52:20 UTC =====
[91m[1mError: [0m{
  "name": "UnknownError",
  "data": {
    "message": "Unexpected server error. Check server logs for details.",
    "ref": "err_729dae21"
  }
}
===== ANALYST laguna 2026-09-12 05:20:59 UTC =====
[91m[1mError: [0m{
  "name": "UnknownError",
  "data": {
    "message": "Unexpected server error. Check server logs for details.",
    "ref": "err_5dded89e"
  }
}
===== ANALYST laguna 2026-09-12 09:30:28 UTC =====
[91m[1mError: [0m{
  "name": "UnknownError",
  "data": {
    "message": "Unexpected server error. Check server logs for details.",
    "ref": "err_4572b495"
  }
}
===== ANALYST laguna 2026-09-12 13:13:12 UTC =====
[91m[1mError: [0m{
  "name": "UnknownError",
  "data": {
    "message": "Unexpected server error. Check server logs for details.",
    "ref": "err_8d86e84d"
  }
}
===== ANALYST laguna 2026-09-12 16:25:13 UTC =====
[91m[1mError: [0m{
  "name": "UnknownError",
  "data": {
    "message": "Unexpected server error. Check server logs for details.",
    "ref": "err_be7b994b"
  }
}
===== ANALYST laguna 2026-09-12 18:48:06 UTC =====
[91m[1mError: [0m{
  "name": "UnknownError",
  "data": {
    "message": "Unexpected server error. Check server logs for details.",
    "ref": "err_aa7224e8"
  }
}
===== ANALYST laguna 2026-09-12 21:12:47 UTC =====
[91m[1mError: [0m{
  "name": "UnknownError",
  "data": {
    "message": "Unexpected server error. Check server logs for details.",
    "ref": "err_ffeafb08"
  }
}
===== ANALYST laguna 2026-09-12 23:07:05 UTC =====
[91m[1mError: [0m{
  "name": "UnknownError",
  "data": {
    "message": "Unexpected server error. Check server logs for details.",
    "ref": "err_bb0612d2"
  }
}
===== ANALYST laguna 2026-09-13 01:05:57 UTC =====
[91m[1mError: [0m{
  "name": "UnknownError",
  "data": {
    "message": "Unexpected server error. Check server logs for details.",
    "ref": "err_cbccfd0f"
  }
}
===== ANALYST laguna 2026-09-13 06:17:42 UTC =====
[91m[1mError: [0m{
  "name": "UnknownError",
  "data": {
    "message": "Unexpected server error. Check server logs for details.",
    "ref": "err_887ca20e"
  }
}
===== ANALYST laguna 2026-09-13 12:03:31 UTC =====
[91m[1mError: [0m{
  "name": "UnknownError",
  "data": {
    "message": "Unexpected server error. Check server logs for details.",
    "ref": "err_a970dbf8"
  }
}
===== ANALYST laguna 2026-09-13 16:04:00 UTC =====
[91m[1mError: [0m{
  "name": "UnknownError",
  "data": {
    "message": "Unexpected server error. Check server logs for details.",
    "ref": "err_acb4d5ca"
  }
}
===== ANALYST laguna 2026-09-13 18:33:12 UTC =====
[91m[1mError: [0m{
  "name": "UnknownError",
  "data": {
    "message": "Unexpected server error. Check server logs for details.",
    "ref": "err_194049df"
  }
}
===== ANALYST laguna 2026-09-13 21:08:59 UTC =====
[91m[1mError: [0m{
  "name": "UnknownError",
  "data": {
    "message": "Unexpected server error. Check server logs for details.",
    "ref": "err_6f88448b"
  }
}
===== ANALYST laguna 2026-09-13 23:13:31 UTC =====
[91m[1mError: [0m{
  "name": "UnknownError",
  "data": {
    "message": "Unexpected server error. Check server logs for details.",
    "ref": "err_58103ceb"
  }
}
===== ANALYST laguna 2026-09-14 01:11:57 UTC =====
[91m[1mError: [0m{
  "name": "UnknownError",
  "data": {
    "message": "Unexpected server error. Check server logs for details.",
    "ref": "err_b8561e2a"
  }
}
===== ANALYST laguna 2026-09-14 06:24:00 UTC =====
[91m[1mError: [0m{
  "name": "UnknownError",
  "data": {
    "message": "Unexpected server error. Check server logs for details.",
    "ref": "err_fc901002"
  }
}
===== ANALYST laguna 2026-09-14 13:32:30 UTC =====
[91m[1mError: [0m{
  "name": "UnknownError",
  "data": {
    "message": "Unexpected server error. Check server logs for details.",
    "ref": "err_84188ce1"
  }
}
===== ANALYST laguna 2026-09-14 18:44:00 UTC =====
[91m[1mError: [0m{
  "name": "UnknownError",
  "data": {
    "message": "Unexpected server error. Check server logs for details.",
    "ref": "err_83c9869c"
  }
}
===== ANALYST laguna 2026-09-14 22:17:06 UTC =====
[91m[1mError: [0m{
  "name": "UnknownError",
  "data": {
    "message": "Unexpected server error. Check server logs for details.",
    "ref": "err_b19aed73"
  }
}
===== ANALYST laguna 2026-09-15 00:50:32 UTC =====
[91m[1mError: [0m{
  "name": "UnknownError",
  "data": {
    "message": "Unexpected server error. Check server logs for details.",
    "ref": "err_5a272031"
  }
}
===== ANALYST laguna 2026-09-15 05:48:13 UTC =====
[91m[1mError: [0m{
  "name": "UnknownError",
  "data": {
    "message": "Unexpected server error. Check server logs for details.",
    "ref": "err_aade525a"
  }
}
===== ANALYST laguna 2026-09-15 10:57:23 UTC =====
[91m[1mError: [0m{
  "name": "UnknownError",
  "data": {
    "message": "Unexpected server error. Check server logs for details.",
    "ref": "err_18f89f5a"
  }
}
===== ANALYST laguna 2026-09-15 15:29:05 UTC =====
[91m[1mError: [0m{
  "name": "UnknownError",
  "data": {
    "message": "Unexpected server error. Check server logs for details.",
    "ref": "err_2bbc3a9b"
  }
}
===== ANALYST laguna 2026-09-15 19:25:33 UTC =====
[91m[1mError: [0m{
  "name": "UnknownError",
  "data": {
    "message": "Unexpected server error. Check server logs for details.",
    "ref": "err_74565af5"
  }
}
===== ANALYST laguna 2026-09-15 22:37:05 UTC =====
[91m[1mError: [0m{
  "name": "UnknownError",
  "data": {
    "message": "Unexpected server error. Check server logs for details.",
    "ref": "err_4a7f44ff"
  }
}
===== ANALYST laguna 2026-09-16 00:33:20 UTC =====
[91m[1mError: [0m{
  "name": "UnknownError",
  "data": {
    "message": "Unexpected server error. Check server logs for details.",
    "ref": "err_1b4ad8b1"
  }
}
===== ANALYST laguna 2026-09-16 05:13:19 UTC =====
[91m[1mError: [0m{
  "name": "UnknownError",
  "data": {
    "message": "Unexpected server error. Check server logs for details.",
    "ref": "err_92fa239a"
  }
}
===== ANALYST laguna 2026-09-16 10:05:36 UTC =====
[91m[1mError: [0m{
  "name": "UnknownError",
  "data": {
    "message": "Unexpected server error. Check server logs for details.",
    "ref": "err_c6615015"
  }
}
===== ANALYST laguna 2026-09-16 14:52:48 UTC =====
[91m[1mError: [0m{
  "name": "UnknownError",
  "data": {
    "message": "Unexpected server error. Check server logs for details.",
    "ref": "err_3a511c78"
  }
}
===== ANALYST laguna 2026-09-16 18:56:52 UTC =====
[91m[1mError: [0m{
  "name": "UnknownError",
  "data": {
    "message": "Unexpected server error. Check server logs for details.",
    "ref": "err_95c7fa35"
  }
}
===== ANALYST laguna 2026-09-16 21:42:27 UTC =====
[91m[1mError: [0m{
  "name": "UnknownError",
  "data": {
    "message": "Unexpected server error. Check server logs for details.",
    "ref": "err_34283b1b"
  }
}
===== ANALYST laguna 2026-09-17 00:02:24 UTC =====
[91m[1mError: [0m{
  "name": "UnknownError",
  "data": {
    "message": "Unexpected server error. Check server logs for details.",
    "ref": "err_7f9c3428"
  }
}
===== ANALYST laguna 2026-09-17 04:59:43 UTC =====
[91m[1mError: [0m{
  "name": "UnknownError",
  "data": {
    "message": "Unexpected server error. Check server logs for details.",
    "ref": "err_b1eadcff"
  }
}
===== ANALYST laguna 2026-09-17 09:53:36 UTC =====
[91m[1mError: [0m{
  "name": "UnknownError",
  "data": {
    "message": "Unexpected server error. Check server logs for details.",
    "ref": "err_22695fb5"
  }
}
===== ANALYST laguna 2026-09-17 14:41:19 UTC =====
[91m[1mError: [0m{
  "name": "UnknownError",
  "data": {
    "message": "Unexpected server error. Check server logs for details.",
    "ref": "err_aa3a84fa"
  }
}
===== ANALYST laguna 2026-09-17 18:34:18 UTC =====
[91m[1mError: [0m{
  "name": "UnknownError",
  "data": {
    "message": "Unexpected server error. Check server logs for details.",
    "ref": "err_cf36b1ea"
  }
}
===== ANALYST laguna 2026-09-17 21:44:33 UTC =====
[91m[1mError: [0m{
  "name": "UnknownError",
  "data": {
    "message": "Unexpected server error. Check server logs for details.",
    "ref": "err_de78e36d"
  }
}
===== ANALYST laguna 2026-09-17 23:52:11 UTC =====
[91m[1mError: [0m{
  "name": "UnknownError",
  "data": {
    "message": "Unexpected server error. Check server logs for details.",
    "ref": "err_3aceb71c"
  }
}
===== ANALYST laguna 2026-09-18 02:46:53 UTC =====
[91m[1mError: [0m{
  "name": "UnknownError",
  "data": {
    "message": "Unexpected server error. Check server logs for details.",
    "ref": "err_26d4fccd"
  }
}
===== ANALYST laguna 2026-09-18 07:55:03 UTC =====
[91m[1mError: [0m{
  "name": "UnknownError",
  "data": {
    "message": "Unexpected server error. Check server logs for details.",
    "ref": "err_98678f1c"
  }
}
===== ANALYST laguna 2026-09-18 12:42:52 UTC =====
[91m[1mError: [0m{
  "name": "UnknownError",
  "data": {
    "message": "Unexpected server error. Check server logs for details.",
    "ref": "err_6a3138b2"
  }
}
===== ANALYST laguna 2026-09-18 16:48:59 UTC =====
[91m[1mError: [0m{
  "name": "UnknownError",
  "data": {
    "message": "Unexpected server error. Check server logs for details.",
    "ref": "err_be661c02"
  }
}
===== ANALYST laguna 2026-09-18 19:28:07 UTC =====
[91m[1mError: [0m{
  "name": "UnknownError",
  "data": {
    "message": "Unexpected server error. Check server logs for details.",
    "ref": "err_99b98529"
  }
}
===== ANALYST laguna 2026-09-18 21:59:52 UTC =====
[91m[1mError: [0m{
  "name": "UnknownError",
  "data": {
    "message": "Unexpected server error. Check server logs for details.",
    "ref": "err_2c676a27"
  }
}
===== ANALYST laguna 2026-09-18 23:50:08 UTC =====
[91m[1mError: [0m{
  "name": "UnknownError",
  "data": {
    "message": "Unexpected server error. Check server logs for details.",
    "ref": "err_6b032d44"
  }
}
===== ANALYST laguna 2026-09-19 02:48:29 UTC =====
[91m[1mError: [0m{
  "name": "UnknownError",
  "data": {
    "message": "Unexpected server error. Check server logs for details.",
    "ref": "err_8298b6c8"
  }
}
===== ANALYST laguna 2026-09-19 07:46:36 UTC =====
[91m[1mError: [0m{
  "name": "UnknownError",
  "data": {
    "message": "Unexpected server error. Check server logs for details.",
    "ref": "err_aeca9a8f"
  }
}
===== ANALYST laguna 2026-09-19 12:18:48 UTC =====
[91m[1mError: [0m{
  "name": "UnknownError",
  "data": {
    "message": "Unexpected server error. Check server logs for details.",
    "ref": "err_8086ee39"
  }
}
===== ANALYST laguna 2026-09-19 15:59:29 UTC =====
[91m[1mError: [0m{
  "name": "UnknownError",
  "data": {
    "message": "Unexpected server error. Check server logs for details.",
    "ref": "err_b9fa6234"
  }
}
===== ANALYST laguna 2026-09-19 18:24:46 UTC =====
[91m[1mError: [0m{
  "name": "UnknownError",
  "data": {
    "message": "Unexpected server error. Check server logs for details.",
    "ref": "err_f264b3fa"
  }
}
===== ANALYST laguna 2026-09-19 21:01:22 UTC =====
[91m[1mError: [0m{
  "name": "UnknownError",
  "data": {
    "message": "Unexpected server error. Check server logs for details.",
    "ref": "err_422ba7de"
  }
}
===== ANALYST laguna 2026-09-19 22:44:03 UTC =====
[91m[1mError: [0m{
  "name": "UnknownError",
  "data": {
    "message": "Unexpected server error. Check server logs for details.",
    "ref": "err_a1561e4a"
  }
}
===== ANALYST laguna 2026-09-20 00:37:26 UTC =====
[91m[1mError: [0m{
  "name": "UnknownError",
  "data": {
    "message": "Unexpected server error. Check server logs for details.",
    "ref": "err_d668ac2f"
  }
}
===== ANALYST laguna 2026-09-20 05:24:43 UTC =====
[91m[1mError: [0m{
  "name": "UnknownError",
  "data": {
    "message": "Unexpected server error. Check server logs for details.",
    "ref": "err_1d1bc0d5"
  }
}
===== ANALYST laguna 2026-09-20 10:08:02 UTC =====
[91m[1mError: [0m{
  "name": "UnknownError",
  "data": {
    "message": "Unexpected server error. Check server logs for details.",
    "ref": "err_2f78beeb"
  }
}
===== ANALYST laguna 2026-09-20 14:19:28 UTC =====
[91m[1mError: [0m{
  "name": "UnknownError",
  "data": {
    "message": "Unexpected server error. Check server logs for details.",
    "ref": "err_b9f84d25"
  }
}
===== ANALYST laguna 2026-09-20 17:35:03 UTC =====
[91m[1mError: [0m{
  "name": "UnknownError",
  "data": {
    "message": "Unexpected server error. Check server logs for details.",
    "ref": "err_c1c97fbc"
  }
}
===== ANALYST laguna 2026-09-20 19:47:26 UTC =====
[91m[1mError: [0m{
  "name": "UnknownError",
  "data": {
    "message": "Unexpected server error. Check server logs for details.",
    "ref": "err_a9a1d467"
  }
}
===== ANALYST laguna 2026-09-20 22:08:13 UTC =====
[91m[1mError: [0m{
  "name": "UnknownError",
  "data": {
    "message": "Unexpected server error. Check server logs for details.",
    "ref": "err_f8cc94b3"
  }
}
===== ANALYST laguna 2026-09-21 00:22:06 UTC =====
[91m[1mError: [0m{
  "name": "UnknownError",
  "data": {
    "message": "Unexpected server error. Check server logs for details.",
    "ref": "err_49d4b4d5"
  }
}
===== ANALYST laguna 2026-09-21 05:09:23 UTC =====
[91m[1mError: [0m{
  "name": "UnknownError",
  "data": {
    "message": "Unexpected server error. Check server logs for details.",
    "ref": "err_2fdb6fd6"
  }
}
===== ANALYST laguna 2026-09-21 10:49:23 UTC =====
[91m[1mError: [0m{
  "name": "UnknownError",
  "data": {
    "message": "Unexpected server error. Check server logs for details.",
    "ref": "err_8ccf1f89"
  }
}
===== ANALYST laguna 2026-09-21 16:49:34 UTC =====
[91m[1mError: [0m{
  "name": "UnknownError",
  "data": {
    "message": "Unexpected server error. Check server logs for details.",
    "ref": "err_0e995669"
  }
}
===== ANALYST laguna 2026-09-21 20:46:33 UTC =====
[91m[1mError: [0m{
  "name": "UnknownError",
  "data": {
    "message": "Unexpected server error. Check server logs for details.",
    "ref": "err_aeee590b"
  }
}
===== ANALYST laguna 2026-09-21 23:47:03 UTC =====
[91m[1mError: [0m{
  "name": "UnknownError",
  "data": {
    "message": "Unexpected server error. Check server logs for details.",
    "ref": "err_12a3093c"
  }
}
===== ANALYST laguna 2026-09-22 02:55:44 UTC =====
[91m[1mError: [0m{
  "name": "UnknownError",
  "data": {
    "message": "Unexpected server error. Check server logs for details.",
    "ref": "err_8c826455"
  }
}
===== ANALYST laguna 2026-09-22 08:14:49 UTC =====
[91m[1mError: [0m{
  "name": "UnknownError",
  "data": {
    "message": "Unexpected server error. Check server logs for details.",
    "ref": "err_832d2cb4"
  }
}
===== ANALYST laguna 2026-09-22 13:28:57 UTC =====
[91m[1mError: [0m{
  "name": "UnknownError",
  "data": {
    "message": "Unexpected server error. Check server logs for details.",
    "ref": "err_c1fe357e"
  }
}
===== ANALYST laguna 2026-09-22 17:51:08 UTC =====
[91m[1mError: [0m{
  "name": "UnknownError",
  "data": {
    "message": "Unexpected server error. Check server logs for details.",
    "ref": "err_5ff5646b"
  }
}
===== ANALYST laguna 2026-09-22 20:48:11 UTC =====
[91m[1mError: [0m{
  "name": "UnknownError",
  "data": {
    "message": "Unexpected server error. Check server logs for details.",
    "ref": "err_8c96a595"
  }
}
===== ANALYST laguna 2026-09-22 23:27:36 UTC =====
[91m[1mError: [0m{
  "name": "UnknownError",
  "data": {
    "message": "Unexpected server error. Check server logs for details.",
    "ref": "err_e29455b1"
  }
}
===== ANALYST laguna 2026-09-23 01:44:49 UTC =====
[91m[1mError: [0m{
  "name": "UnknownError",
  "data": {
    "message": "Unexpected server error. Check server logs for details.",
    "ref": "err_7b49075e"
  }
}
===== ANALYST laguna 2026-09-23 07:13:35 UTC =====
[91m[1mError: [0m{
  "name": "UnknownError",
  "data": {
    "message": "Unexpected server error. Check server logs for details.",
    "ref": "err_94e41264"
  }
}
