===== ANALYST ling3 2026-09-03 15:49:44 UTC =====
[91m[1mError: [0m{
  "name": "UnknownError",
  "data": {
    "message": "Unexpected server error. Check server logs for details.",
    "ref": "err_a2b38b3e"
  }
}
===== ANALYST ling3 2026-09-03 19:11:58 UTC =====
[91m[1mError: [0m{
  "name": "UnknownError",
  "data": {
    "message": "Unexpected server error. Check server logs for details.",
    "ref": "err_d0b3106a"
  }
}
===== ANALYST ling3 2026-09-03 21:38:24 UTC =====
[91m[1mError: [0m{
  "name": "UnknownError",
  "data": {
    "message": "Unexpected server error. Check server logs for details.",
    "ref": "err_445811c9"
  }
}
===== ANALYST ling3 2026-09-03 23:35:33 UTC =====
[91m[1mError: [0m{
  "name": "UnknownError",
  "data": {
    "message": "Unexpected server error. Check server logs for details.",
    "ref": "err_f64bf6ef"
  }
}
===== ANALYST ling3 2026-09-04 01:25:05 UTC =====
[91m[1mError: [0m{
  "name": "UnknownError",
  "data": {
    "message": "Unexpected server error. Check server logs for details.",
    "ref": "err_2a2bf269"
  }
}
===== ANALYST ling3 2026-09-04 06:05:04 UTC =====
[91m[1mError: [0m{
  "name": "UnknownError",
  "data": {
    "message": "Unexpected server error. Check server logs for details.",
    "ref": "err_5ba3ef19"
  }
}
===== ANALYST ling3 2026-09-04 11:31:13 UTC =====
[91m[1mError: [0m{
  "name": "UnknownError",
  "data": {
    "message": "Unexpected server error. Check server logs for details.",
    "ref": "err_c2faf989"
  }
}
===== ANALYST ling3 2026-09-04 15:22:38 UTC =====
[91m[1mError: [0m{
  "name": "UnknownError",
  "data": {
    "message": "Unexpected server error. Check server logs for details.",
    "ref": "err_26126b19"
  }
}
===== ANALYST ling3 2026-09-04 18:34:20 UTC =====
[91m[1mError: [0m{
  "name": "UnknownError",
  "data": {
    "message": "Unexpected server error. Check server logs for details.",
    "ref": "err_1a5e1d01"
  }
}
===== ANALYST ling3 2026-09-04 21:05:40 UTC =====
[91m[1mError: [0m{
  "name": "UnknownError",
  "data": {
    "message": "Unexpected server error. Check server logs for details.",
    "ref": "err_e947fe3c"
  }
}
===== ANALYST ling3 2026-09-04 23:06:55 UTC =====
[91m[1mError: [0m{
  "name": "UnknownError",
  "data": {
    "message": "Unexpected server error. Check server logs for details.",
    "ref": "err_49c8f79c"
  }
}
===== ANALYST ling3 2026-09-05 01:04:07 UTC =====
[91m[1mError: [0m{
  "name": "UnknownError",
  "data": {
    "message": "Unexpected server error. Check server logs for details.",
    "ref": "err_7301925a"
  }
}
===== ANALYST ling3 2026-09-05 06:00:39 UTC =====
[91m[1mError: [0m{
  "name": "UnknownError",
  "data": {
    "message": "Unexpected server error. Check server logs for details.",
    "ref": "err_2dd1a59d"
  }
}
===== ANALYST ling3 2026-09-05 09:51:38 UTC =====
[91m[1mError: [0m{
  "name": "UnknownError",
  "data": {
    "message": "Unexpected server error. Check server logs for details.",
    "ref": "err_8194e5af"
  }
}
===== ANALYST ling3 2026-09-05 13:23:35 UTC =====
[91m[1mError: [0m{
  "name": "UnknownError",
  "data": {
    "message": "Unexpected server error. Check server logs for details.",
    "ref": "err_802d08d5"
  }
}
===== ANALYST ling3 2026-09-05 16:26:50 UTC =====
[91m[1mError: [0m{
  "name": "UnknownError",
  "data": {
    "message": "Unexpected server error. Check server logs for details.",
    "ref": "err_7c93c82d"
  }
}
===== ANALYST ling3 2026-09-05 18:23:35 UTC =====
[91m[1mError: [0m{
  "name": "UnknownError",
  "data": {
    "message": "Unexpected server error. Check server logs for details.",
    "ref": "err_27460514"
  }
}
===== ANALYST ling3 2026-09-05 20:49:06 UTC =====
[91m[1mError: [0m{
  "name": "UnknownError",
  "data": {
    "message": "Unexpected server error. Check server logs for details.",
    "ref": "err_4ec5646e"
  }
}
===== ANALYST ling3 2026-09-05 22:40:03 UTC =====
[91m[1mError: [0m{
  "name": "UnknownError",
  "data": {
    "message": "Unexpected server error. Check server logs for details.",
    "ref": "err_67fe696f"
  }
}
===== ANALYST ling3 2026-09-06 00:16:53 UTC =====
[91m[1mError: [0m{
  "name": "UnknownError",
  "data": {
    "message": "Unexpected server error. Check server logs for details.",
    "ref": "err_1f4f534d"
  }
}
===== ANALYST ling3 2026-09-06 04:47:48 UTC =====
[91m[1mError: [0m{
  "name": "UnknownError",
  "data": {
    "message": "Unexpected server error. Check server logs for details.",
    "ref": "err_5c0e0cba"
  }
}
===== ANALYST ling3 2026-09-06 09:11:25 UTC =====
[91m[1mError: [0m{
  "name": "UnknownError",
  "data": {
    "message": "Unexpected server error. Check server logs for details.",
    "ref": "err_7848e542"
  }
}
===== ANALYST ling3 2026-09-06 13:14:28 UTC =====
[91m[1mError: [0m{
  "name": "UnknownError",
  "data": {
    "message": "Unexpected server error. Check server logs for details.",
    "ref": "err_59b0b81d"
  }
}
===== ANALYST ling3 2026-09-06 16:14:51 UTC =====
[91m[1mError: [0m{
  "name": "UnknownError",
  "data": {
    "message": "Unexpected server error. Check server logs for details.",
    "ref": "err_1dd9ab5f"
  }
}
===== ANALYST ling3 2026-09-06 18:04:29 UTC =====
[91m[1mError: [0m{
  "name": "UnknownError",
  "data": {
    "message": "Unexpected server error. Check server logs for details.",
    "ref": "err_cd8a18be"
  }
}
===== ANALYST ling3 2026-09-06 20:22:43 UTC =====
[91m[1mError: [0m{
  "name": "UnknownError",
  "data": {
    "message": "Unexpected server error. Check server logs for details.",
    "ref": "err_a901c273"
  }
}
===== ANALYST ling3 2026-09-06 22:16:10 UTC =====
[91m[1mError: [0m{
  "name": "UnknownError",
  "data": {
    "message": "Unexpected server error. Check server logs for details.",
    "ref": "err_8be47720"
  }
}
===== ANALYST ling3 2026-09-06 23:58:57 UTC =====
[91m[1mError: [0m{
  "name": "UnknownError",
  "data": {
    "message": "Unexpected server error. Check server logs for details.",
    "ref": "err_268adc64"
  }
}
===== ANALYST ling3 2026-09-07 03:35:13 UTC =====
[91m[1mError: [0m{
  "name": "UnknownError",
  "data": {
    "message": "Unexpected server error. Check server logs for details.",
    "ref": "err_00d8c997"
  }
}
===== ANALYST ling3 2026-09-07 08:45:26 UTC =====
[91m[1mError: [0m{
  "name": "UnknownError",
  "data": {
    "message": "Unexpected server error. Check server logs for details.",
    "ref": "err_f919d9b9"
  }
}
===== ANALYST ling3 2026-09-07 14:41:34 UTC =====
[91m[1mError: [0m{
  "name": "UnknownError",
  "data": {
    "message": "Unexpected server error. Check server logs for details.",
    "ref": "err_df48c918"
  }
}
===== ANALYST ling3 2026-09-07 19:11:00 UTC =====
[91m[1mError: [0m{
  "name": "UnknownError",
  "data": {
    "message": "Unexpected server error. Check server logs for details.",
    "ref": "err_45ba9b25"
  }
}
===== ANALYST ling3 2026-09-07 21:54:09 UTC =====
[91m[1mError: [0m{
  "name": "UnknownError",
  "data": {
    "message": "Unexpected server error. Check server logs for details.",
    "ref": "err_6563eaaf"
  }
}
===== ANALYST ling3 2026-09-08 00:01:38 UTC =====
[91m[1mError: [0m{
  "name": "UnknownError",
  "data": {
    "message": "Unexpected server error. Check server logs for details.",
    "ref": "err_58b4276a"
  }
}
===== ANALYST ling3 2026-09-08 02:43:30 UTC =====
[91m[1mError: [0m{
  "name": "UnknownError",
  "data": {
    "message": "Unexpected server error. Check server logs for details.",
    "ref": "err_aaf0bf24"
  }
}
===== ANALYST ling3 2026-09-08 07:28:17 UTC =====
[91m[1mError: [0m{
  "name": "UnknownError",
  "data": {
    "message": "Unexpected server error. Check server logs for details.",
    "ref": "err_5744ab96"
  }
}
===== ANALYST ling3 2026-09-08 12:24:28 UTC =====
[91m[1mError: [0m{
  "name": "UnknownError",
  "data": {
    "message": "Unexpected server error. Check server logs for details.",
    "ref": "err_6a0a46c1"
  }
}
===== ANALYST ling3 2026-09-08 17:03:07 UTC =====
[91m[1mError: [0m{
  "name": "UnknownError",
  "data": {
    "message": "Unexpected server error. Check server logs for details.",
    "ref": "err_7a9ca6ac"
  }
}
===== ANALYST ling3 2026-09-08 19:46:31 UTC =====
[91m[1mError: [0m{
  "name": "UnknownError",
  "data": {
    "message": "Unexpected server error. Check server logs for details.",
    "ref": "err_63ccbd5b"
  }
}
===== ANALYST ling3 2026-09-08 22:21:50 UTC =====
[91m[1mError: [0m{
  "name": "UnknownError",
  "data": {
    "message": "Unexpected server error. Check server logs for details.",
    "ref": "err_c17a289c"
  }
}
===== ANALYST ling3 2026-09-09 00:27:33 UTC =====
[91m[1mError: [0m{
  "name": "UnknownError",
  "data": {
    "message": "Unexpected server error. Check server logs for details.",
    "ref": "err_f3716613"
  }
}
===== ANALYST ling3 2026-09-09 05:13:38 UTC =====
[91m[1mError: [0m{
  "name": "UnknownError",
  "data": {
    "message": "Unexpected server error. Check server logs for details.",
    "ref": "err_e46a6d43"
  }
}
===== ANALYST ling3 2026-09-09 09:54:19 UTC =====
[91m[1mError: [0m{
  "name": "UnknownError",
  "data": {
    "message": "Unexpected server error. Check server logs for details.",
    "ref": "err_bd9ab767"
  }
}
===== ANALYST ling3 2026-09-09 14:26:17 UTC =====
[91m[1mError: [0m{
  "name": "UnknownError",
  "data": {
    "message": "Unexpected server error. Check server logs for details.",
    "ref": "err_afc22683"
  }
}
===== ANALYST ling3 2026-09-09 17:54:29 UTC =====
[91m[1mError: [0m{
  "name": "UnknownError",
  "data": {
    "message": "Unexpected server error. Check server logs for details.",
    "ref": "err_4826654d"
  }
}
===== ANALYST ling3 2026-09-09 20:20:38 UTC =====
[91m[1mError: [0m{
  "name": "UnknownError",
  "data": {
    "message": "Unexpected server error. Check server logs for details.",
    "ref": "err_4d2148fc"
  }
}
===== ANALYST ling3 2026-09-09 22:39:32 UTC =====
[91m[1mError: [0m{
  "name": "UnknownError",
  "data": {
    "message": "Unexpected server error. Check server logs for details.",
    "ref": "err_50f604d5"
  }
}
===== ANALYST ling3 2026-09-10 00:38:47 UTC =====
[91m[1mError: [0m{
  "name": "UnknownError",
  "data": {
    "message": "Unexpected server error. Check server logs for details.",
    "ref": "err_adffbe94"
  }
}
===== ANALYST ling3 2026-09-10 05:15:51 UTC =====
[91m[1mError: [0m{
  "name": "UnknownError",
  "data": {
    "message": "Unexpected server error. Check server logs for details.",
    "ref": "err_bafe4f84"
  }
}
===== ANALYST ling3 2026-09-10 09:56:09 UTC =====
[91m[1mError: [0m{
  "name": "UnknownError",
  "data": {
    "message": "Unexpected server error. Check server logs for details.",
    "ref": "err_92d2d999"
  }
}
===== ANALYST ling3 2026-09-10 14:06:10 UTC =====
[91m[1mError: [0m{
  "name": "UnknownError",
  "data": {
    "message": "Unexpected server error. Check server logs for details.",
    "ref": "err_e72a7579"
  }
}
===== ANALYST ling3 2026-09-10 17:46:17 UTC =====
[91m[1mError: [0m{
  "name": "UnknownError",
  "data": {
    "message": "Unexpected server error. Check server logs for details.",
    "ref": "err_745335dc"
  }
}
===== ANALYST ling3 2026-09-10 20:29:25 UTC =====
[91m[1mError: [0m{
  "name": "UnknownError",
  "data": {
    "message": "Unexpected server error. Check server logs for details.",
    "ref": "err_10d0e487"
  }
}
===== ANALYST ling3 2026-09-10 22:53:57 UTC =====
[91m[1mError: [0m{
  "name": "UnknownError",
  "data": {
    "message": "Unexpected server error. Check server logs for details.",
    "ref": "err_fdd2241d"
  }
}
===== ANALYST ling3 2026-09-11 00:52:04 UTC =====
[91m[1mError: [0m{
  "name": "UnknownError",
  "data": {
    "message": "Unexpected server error. Check server logs for details.",
    "ref": "err_fde71907"
  }
}
===== ANALYST ling3 2026-09-11 05:48:43 UTC =====
[91m[1mError: [0m{
  "name": "UnknownError",
  "data": {
    "message": "Unexpected server error. Check server logs for details.",
    "ref": "err_bcf2cb0d"
  }
}
===== ANALYST ling3 2026-09-11 10:07:25 UTC =====
[91m[1mError: [0m{
  "name": "UnknownError",
  "data": {
    "message": "Unexpected server error. Check server logs for details.",
    "ref": "err_2ca10078"
  }
}
===== ANALYST ling3 2026-09-11 14:13:04 UTC =====
[91m[1mError: [0m{
  "name": "UnknownError",
  "data": {
    "message": "Unexpected server error. Check server logs for details.",
    "ref": "err_5268b7fb"
  }
}
===== ANALYST ling3 2026-09-11 17:49:39 UTC =====
[91m[1mError: [0m{
  "name": "UnknownError",
  "data": {
    "message": "Unexpected server error. Check server logs for details.",
    "ref": "err_36747647"
  }
}
===== ANALYST ling3 2026-09-11 20:40:36 UTC =====
[91m[1mError: [0m{
  "name": "UnknownError",
  "data": {
    "message": "Unexpected server error. Check server logs for details.",
    "ref": "err_659b5244"
  }
}
===== ANALYST ling3 2026-09-11 22:51:22 UTC =====
[91m[1mError: [0m{
  "name": "UnknownError",
  "data": {
    "message": "Unexpected server error. Check server logs for details.",
    "ref": "err_9b899b88"
  }
}
